======================================================================
Feature Analysis for All Tickers
======================================================================

>>> NVDA

============================================================
Fetching NVDA...
============================================================
[2026-05-11 03:13:29] NVDA   | LOCAL_CACHE     | SUCCESS  | 126 rows
  [FEATURES] Original columns: ['Date', 'Open', 'High', 'Low', 'Close', 'Volume']
  [FEATURES] Renamed columns: ['Date', 'Open', 'High', 'Low', 'Close', 'Volume']
  [FEATURES] Basic features added: 30 columns
  [FEATURES] Adding advanced indicators for NVDA...
  [Features] Adding advanced indicators...
    ✓ Bollinger Bands
    ✓ ADX
    ✓ RSI & Divergence
    ✓ MACD
    ✓ Volume Features
    ✓ Volatility Features
    ✓ Momentum Features
    ✓ Trend Features
  [Features] Total features: 74
  [FEATURES] Advanced features added successfully
  [FEATURES] Total features: 74
  [FEATURES] Final dataset: 126 rows × 74 columns
  ✓ Analysis complete
    - Total features: 71
    - Top 20 features selected
    - High correlation pairs: 77

>>> AAPL

============================================================
Fetching AAPL...
============================================================
[2026-05-11 03:13:29] AAPL   | LOCAL_CACHE     | SUCCESS  | 126 rows
  [FEATURES] Original columns: ['Date', 'Open', 'High', 'Low', 'Close', 'Volume']
  [FEATURES] Renamed columns: ['Date', 'Open', 'High', 'Low', 'Close', 'Volume']
  [FEATURES] Basic features added: 30 columns
  [FEATURES] Adding advanced indicators for AAPL...
  [Features] Adding advanced indicators...
    ✓ Bollinger Bands
    ✓ ADX
    ✓ RSI & Divergence
    ✓ MACD
    ✓ Volume Features
    ✓ Volatility Features
    ✓ Momentum Features
    ✓ Trend Features
  [Features] Total features: 74
  [FEATURES] Advanced features added successfully
  [FEATURES] Total features: 74
  [FEATURES] Final dataset: 126 rows × 74 columns
  ✓ Analysis complete
    - Total features: 71
    - Top 20 features selected
    - High correlation pairs: 98

>>> MSFT

============================================================
Fetching MSFT...
============================================================
[2026-05-11 03:13:29] MSFT   | LOCAL_CACHE     | SUCCESS  | 126 rows
  [FEATURES] Original columns: ['Date', 'Open', 'High', 'Low', 'Close', 'Volume']
  [FEATURES] Renamed columns: ['Date', 'Open', 'High', 'Low', 'Close', 'Volume']
  [FEATURES] Basic features added: 30 columns
  [FEATURES] Adding advanced indicators for MSFT...
  [Features] Adding advanced indicators...
    ✓ Bollinger Bands
    ✓ ADX
    ✓ RSI & Divergence
    ✓ MACD
    ✓ Volume Features
    ✓ Volatility Features
    ✓ Momentum Features
    ✓ Trend Features
  [Features] Total features: 74
  [FEATURES] Advanced features added successfully
  [FEATURES] Total features: 74
  [FEATURES] Final dataset: 126 rows × 74 columns
  ✓ Analysis complete
    - Total features: 71
    - Top 20 features selected
    - High correlation pairs: 78

>>> GOOGL

============================================================
Fetching GOOGL...
============================================================
[2026-05-11 03:13:29] GOOGL  | LOCAL_CACHE     | SUCCESS  | 126 rows
  [FEATURES] Original columns: ['Date', 'Open', 'High', 'Low', 'Close', 'Volume']
  [FEATURES] Renamed columns: ['Date', 'Open', 'High', 'Low', 'Close', 'Volume']
  [FEATURES] Basic features added: 30 columns
  [FEATURES] Adding advanced indicators for GOOGL...
  [Features] Adding advanced indicators...
    ✓ Bollinger Bands
    ✓ ADX
    ✓ RSI & Divergence
    ✓ MACD
    ✓ Volume Features
    ✓ Volatility Features
    ✓ Momentum Features
    ✓ Trend Features
  [Features] Total features: 74
  [FEATURES] Advanced features added successfully
  [FEATURES] Total features: 74
  [FEATURES] Final dataset: 126 rows × 74 columns
  ✓ Analysis complete
    - Total features: 71
    - Top 20 features selected
    - High correlation pairs: 94

>>> AMZN

============================================================
Fetching AMZN...
============================================================
[2026-05-11 03:13:30] AMZN   | LOCAL_CACHE     | SUCCESS  | 126 rows
  [FEATURES] Original columns: ['Date', 'Open', 'High', 'Low', 'Close', 'Volume']
  [FEATURES] Renamed columns: ['Date', 'Open', 'High', 'Low', 'Close', 'Volume']
  [FEATURES] Basic features added: 30 columns
  [FEATURES] Adding advanced indicators for AMZN...
  [Features] Adding advanced indicators...
    ✓ Bollinger Bands
    ✓ ADX
    ✓ RSI & Divergence
    ✓ MACD
    ✓ Volume Features
    ✓ Volatility Features
    ✓ Momentum Features
    ✓ Trend Features
  [Features] Total features: 74
  [FEATURES] Advanced features added successfully
  [FEATURES] Total features: 74
  [FEATURES] Final dataset: 126 rows × 74 columns
  ✓ Analysis complete
    - Total features: 71
    - Top 20 features selected
    - High correlation pairs: 64

>>> META

============================================================
Fetching META...
============================================================
[2026-05-11 03:13:30] META   | LOCAL_CACHE     | SUCCESS  | 126 rows
  [FEATURES] Original columns: ['Date', 'Open', 'High', 'Low', 'Close', 'Volume']
  [FEATURES] Renamed columns: ['Date', 'Open', 'High', 'Low', 'Close', 'Volume']
  [FEATURES] Basic features added: 30 columns
  [FEATURES] Adding advanced indicators for META...
  [Features] Adding advanced indicators...
    ✓ Bollinger Bands
    ✓ ADX
    ✓ RSI & Divergence
    ✓ MACD
    ✓ Volume Features
    ✓ Volatility Features
    ✓ Momentum Features
    ✓ Trend Features
  [Features] Total features: 74
  [FEATURES] Advanced features added successfully
  [FEATURES] Total features: 74
  [FEATURES] Final dataset: 126 rows × 74 columns
  ✓ Analysis complete
    - Total features: 71
    - Top 20 features selected
    - High correlation pairs: 83

>>> TSLA

============================================================
Fetching TSLA...
============================================================
[2026-05-11 03:13:30] TSLA   | LOCAL_CACHE     | SUCCESS  | 126 rows
  [FEATURES] Original columns: ['Date', 'Open', 'High', 'Low', 'Close', 'Volume']
  [FEATURES] Renamed columns: ['Date', 'Open', 'High', 'Low', 'Close', 'Volume']
  [FEATURES] Basic features added: 30 columns
  [FEATURES] Adding advanced indicators for TSLA...
  [Features] Adding advanced indicators...
    ✓ Bollinger Bands
    ✓ ADX
    ✓ RSI & Divergence
    ✓ MACD
    ✓ Volume Features
    ✓ Volatility Features
    ✓ Momentum Features
    ✓ Trend Features
  [Features] Total features: 74
  [FEATURES] Advanced features added successfully
  [FEATURES] Total features: 74
  [FEATURES] Final dataset: 126 rows × 74 columns
  ✓ Analysis complete
    - Total features: 71
    - Top 20 features selected
    - High correlation pairs: 71

>>> AMD

============================================================
Fetching AMD...
============================================================
[2026-05-11 03:13:30] AMD    | LOCAL_CACHE     | SUCCESS  | 126 rows
  [FEATURES] Original columns: ['Date', 'Open', 'High', 'Low', 'Close', 'Volume']
  [FEATURES] Renamed columns: ['Date', 'Open', 'High', 'Low', 'Close', 'Volume']
  [FEATURES] Basic features added: 30 columns
  [FEATURES] Adding advanced indicators for AMD...
  [Features] Adding advanced indicators...
    ✓ Bollinger Bands
    ✓ ADX
    ✓ RSI & Divergence
    ✓ MACD
    ✓ Volume Features
    ✓ Volatility Features
    ✓ Momentum Features
    ✓ Trend Features
  [Features] Total features: 74
  [FEATURES] Advanced features added successfully
  [FEATURES] Total features: 74
  [FEATURES] Final dataset: 126 rows × 74 columns
  ✓ Analysis complete
    - Total features: 71
    - Top 20 features selected
    - High correlation pairs: 109

>>> NFLX

============================================================
Fetching NFLX...
============================================================
[2026-05-11 03:13:31] NFLX   | LOCAL_CACHE     | SUCCESS  | 126 rows
  [FEATURES] Original columns: ['Date', 'Open', 'High', 'Low', 'Close', 'Volume']
  [FEATURES] Renamed columns: ['Date', 'Open', 'High', 'Low', 'Close', 'Volume']
  [FEATURES] Basic features added: 30 columns
  [FEATURES] Adding advanced indicators for NFLX...
  [Features] Adding advanced indicators...
    ✓ Bollinger Bands
    ✓ ADX
    ✓ RSI & Divergence
    ✓ MACD
    ✓ Volume Features
    ✓ Volatility Features
    ✓ Momentum Features
    ✓ Trend Features
  [Features] Total features: 74
  [FEATURES] Advanced features added successfully
  [FEATURES] Total features: 74
  [FEATURES] Final dataset: 126 rows × 74 columns
  ✓ Analysis complete
    - Total features: 71
    - Top 20 features selected
    - High correlation pairs: 405

>>> QQQ

============================================================
Fetching QQQ...
============================================================
[2026-05-11 03:13:31] QQQ    | LOCAL_CACHE     | SUCCESS  | 126 rows
  [FEATURES] Original columns: ['Date', 'Open', 'High', 'Low', 'Close', 'Volume']
  [FEATURES] Renamed columns: ['Date', 'Open', 'High', 'Low', 'Close', 'Volume']
  [FEATURES] Basic features added: 30 columns
  [FEATURES] Adding advanced indicators for QQQ...
  [Features] Adding advanced indicators...
    ✓ Bollinger Bands
    ✓ ADX
    ✓ RSI & Divergence
    ✓ MACD
    ✓ Volume Features
    ✓ Volatility Features
    ✓ Momentum Features
    ✓ Trend Features
  [Features] Total features: 74
  [FEATURES] Advanced features added successfully
  [FEATURES] Total features: 74
  [FEATURES] Final dataset: 126 rows × 74 columns
  ✓ Analysis complete
    - Total features: 71
    - Top 20 features selected
    - High correlation pairs: 91

======================================================================
Feature Analysis Complete
======================================================================

Analyzed tickers: 10/10

Top 10 Most Important Features Across All Tickers:
feature
DailyReturn_lag1       0.034781
Volume                 0.034349
CloseOpenRatio_lag1    0.032811
OBV                    0.032683
ROC_5                  0.032166
MACD                   0.030203
Plus_DI                0.029803
VROC                   0.029404
Stoch_K                0.029161
ATR_Percent            0.028806
ATR                    0.028349
Momentum               0.028328
EMA_Distance_10_50     0.027194
HighLowRatio_lag1      0.027149
Low                    0.026214
ROC10                  0.026119
Open                   0.025947
High                   0.025895
Momentum_10            0.025676
ADX                    0.025616
Name: importance, dtype: float64
