======================================================================
宗叡最終版による全ティッカー再訓練開始
======================================================================

>>> NVDA 訓練中...

============================================================
Fetching NVDA...
============================================================
[2025-12-01 14:52:09] NVDA   | LOCAL_CACHE     | SUCCESS  | 126 rows
  [FEATURES] Original columns: ['Date', 'Open', 'High', 'Low', 'Close', 'Volume']
  [FEATURES] Renamed columns: ['Date', 'Open', 'High', 'Low', 'Close', 'Volume']
  [FEATURES] Basic features added: 30 columns
  [FEATURES] Adding advanced indicators for NVDA...
  [Features] Adding advanced indicators...
    ✓ Bollinger Bands
    ✓ ADX
    ✓ RSI & Divergence
    ✓ MACD
    ✓ Volume Features
    ✓ Volatility Features
    ✓ Momentum Features
    ✓ Trend Features
  [Features] Total features: 74
  [FEATURES] Advanced features added successfully
  [FEATURES] Total features: 74
  [FEATURES] Final dataset: 126 rows × 74 columns
  例外: train_ticker() takes 1 positional argument but 2 w

>>> AAPL 訓練中...

============================================================
Fetching AAPL...
============================================================
[2025-12-01 14:52:09] AAPL   | LOCAL_CACHE     | SUCCESS  | 126 rows
  [FEATURES] Original columns: ['Date', 'Open', 'High', 'Low', 'Close', 'Volume']
  [FEATURES] Renamed columns: ['Date', 'Open', 'High', 'Low', 'Close', 'Volume']
  [FEATURES] Basic features added: 30 columns
  [FEATURES] Adding advanced indicators for AAPL...
  [Features] Adding advanced indicators...
    ✓ Bollinger Bands
    ✓ ADX
    ✓ RSI & Divergence
    ✓ MACD
    ✓ Volume Features
    ✓ Volatility Features
    ✓ Momentum Features
    ✓ Trend Features
  [Features] Total features: 74
  [FEATURES] Advanced features added successfully
  [FEATURES] Total features: 74
  [FEATURES] Final dataset: 126 rows × 74 columns
  例外: train_ticker() takes 1 positional argument but 2 w

>>> MSFT 訓練中...

============================================================
Fetching MSFT...
============================================================
[2025-12-01 14:52:09] MSFT   | LOCAL_CACHE     | SUCCESS  | 126 rows
  [FEATURES] Original columns: ['Date', 'Open', 'High', 'Low', 'Close', 'Volume']
  [FEATURES] Renamed columns: ['Date', 'Open', 'High', 'Low', 'Close', 'Volume']
  [FEATURES] Basic features added: 30 columns
  [FEATURES] Adding advanced indicators for MSFT...
  [Features] Adding advanced indicators...
    ✓ Bollinger Bands
    ✓ ADX
    ✓ RSI & Divergence
    ✓ MACD
    ✓ Volume Features
    ✓ Volatility Features
    ✓ Momentum Features
    ✓ Trend Features
  [Features] Total features: 74
  [FEATURES] Advanced features added successfully
  [FEATURES] Total features: 74
  [FEATURES] Final dataset: 126 rows × 74 columns
  例外: train_ticker() takes 1 positional argument but 2 w

>>> GOOGL 訓練中...

============================================================
Fetching GOOGL...
============================================================
[2025-12-01 14:52:09] GOOGL  | LOCAL_CACHE     | SUCCESS  | 126 rows
  [FEATURES] Original columns: ['Date', 'Open', 'High', 'Low', 'Close', 'Volume']
  [FEATURES] Renamed columns: ['Date', 'Open', 'High', 'Low', 'Close', 'Volume']
  [FEATURES] Basic features added: 30 columns
  [FEATURES] Adding advanced indicators for GOOGL...
  [Features] Adding advanced indicators...
    ✓ Bollinger Bands
    ✓ ADX
    ✓ RSI & Divergence
    ✓ MACD
    ✓ Volume Features
    ✓ Volatility Features
    ✓ Momentum Features
    ✓ Trend Features
  [Features] Total features: 74
  [FEATURES] Advanced features added successfully
  [FEATURES] Total features: 74
  [FEATURES] Final dataset: 126 rows × 74 columns
  例外: train_ticker() takes 1 positional argument but 2 w

>>> AMZN 訓練中...

============================================================
Fetching AMZN...
============================================================
[2025-12-01 14:52:09] AMZN   | LOCAL_CACHE     | SUCCESS  | 126 rows
  [FEATURES] Original columns: ['Date', 'Open', 'High', 'Low', 'Close', 'Volume']
  [FEATURES] Renamed columns: ['Date', 'Open', 'High', 'Low', 'Close', 'Volume']
  [FEATURES] Basic features added: 30 columns
  [FEATURES] Adding advanced indicators for AMZN...
  [Features] Adding advanced indicators...
    ✓ Bollinger Bands
    ✓ ADX
    ✓ RSI & Divergence
    ✓ MACD
    ✓ Volume Features
    ✓ Volatility Features
    ✓ Momentum Features
    ✓ Trend Features
  [Features] Total features: 74
  [FEATURES] Advanced features added successfully
  [FEATURES] Total features: 74
  [FEATURES] Final dataset: 126 rows × 74 columns
  例外: train_ticker() takes 1 positional argument but 2 w

>>> META 訓練中...

============================================================
Fetching META...
============================================================
[2025-12-01 14:52:09] META   | LOCAL_CACHE     | SUCCESS  | 126 rows
  [FEATURES] Original columns: ['Date', 'Open', 'High', 'Low', 'Close', 'Volume']
  [FEATURES] Renamed columns: ['Date', 'Open', 'High', 'Low', 'Close', 'Volume']
  [FEATURES] Basic features added: 30 columns
  [FEATURES] Adding advanced indicators for META...
  [Features] Adding advanced indicators...
    ✓ Bollinger Bands
    ✓ ADX
    ✓ RSI & Divergence
    ✓ MACD
    ✓ Volume Features
    ✓ Volatility Features
    ✓ Momentum Features
    ✓ Trend Features
  [Features] Total features: 74
  [FEATURES] Advanced features added successfully
  [FEATURES] Total features: 74
  [FEATURES] Final dataset: 126 rows × 74 columns
  例外: train_ticker() takes 1 positional argument but 2 w

>>> TSLA 訓練中...

============================================================
Fetching TSLA...
============================================================
[2025-12-01 14:52:09] TSLA   | LOCAL_CACHE     | SUCCESS  | 126 rows
  [FEATURES] Original columns: ['Date', 'Open', 'High', 'Low', 'Close', 'Volume']
  [FEATURES] Renamed columns: ['Date', 'Open', 'High', 'Low', 'Close', 'Volume']
  [FEATURES] Basic features added: 30 columns
  [FEATURES] Adding advanced indicators for TSLA...
  [Features] Adding advanced indicators...
    ✓ Bollinger Bands
    ✓ ADX
    ✓ RSI & Divergence
    ✓ MACD
    ✓ Volume Features
    ✓ Volatility Features
    ✓ Momentum Features
    ✓ Trend Features
  [Features] Total features: 74
  [FEATURES] Advanced features added successfully
  [FEATURES] Total features: 74
  [FEATURES] Final dataset: 126 rows × 74 columns
  例外: train_ticker() takes 1 positional argument but 2 w

>>> AMD 訓練中...

============================================================
Fetching AMD...
============================================================
[2025-12-01 14:52:09] AMD    | LOCAL_CACHE     | SUCCESS  | 126 rows
  [FEATURES] Original columns: ['Date', 'Open', 'High', 'Low', 'Close', 'Volume']
  [FEATURES] Renamed columns: ['Date', 'Open', 'High', 'Low', 'Close', 'Volume']
  [FEATURES] Basic features added: 30 columns
  [FEATURES] Adding advanced indicators for AMD...
  [Features] Adding advanced indicators...
    ✓ Bollinger Bands
    ✓ ADX
    ✓ RSI & Divergence
    ✓ MACD
    ✓ Volume Features
    ✓ Volatility Features
    ✓ Momentum Features
    ✓ Trend Features
  [Features] Total features: 74
  [FEATURES] Advanced features added successfully
  [FEATURES] Total features: 74
  [FEATURES] Final dataset: 126 rows × 74 columns
  例外: train_ticker() takes 1 positional argument but 2 w

>>> NFLX 訓練中...

============================================================
Fetching NFLX...
============================================================
[2025-12-01 14:52:09] NFLX   | LOCAL_CACHE     | SUCCESS  | 126 rows
  [FEATURES] Original columns: ['Date', 'Open', 'High', 'Low', 'Close', 'Volume']
  [FEATURES] Renamed columns: ['Date', 'Open', 'High', 'Low', 'Close', 'Volume']
  [FEATURES] Basic features added: 30 columns
  [FEATURES] Adding advanced indicators for NFLX...
  [Features] Adding advanced indicators...
    ✓ Bollinger Bands
    ✓ ADX
    ✓ RSI & Divergence
    ✓ MACD
    ✓ Volume Features
    ✓ Volatility Features
    ✓ Momentum Features
    ✓ Trend Features
  [Features] Total features: 74
  [FEATURES] Advanced features added successfully
  [FEATURES] Total features: 74
  [FEATURES] Final dataset: 126 rows × 74 columns
  例外: train_ticker() takes 1 positional argument but 2 w

>>> QQQ 訓練中...

============================================================
Fetching QQQ...
============================================================
[2025-12-01 14:52:09] QQQ    | LOCAL_CACHE     | SUCCESS  | 126 rows
  [FEATURES] Original columns: ['Date', 'Open', 'High', 'Low', 'Close', 'Volume']
  [FEATURES] Renamed columns: ['Date', 'Open', 'High', 'Low', 'Close', 'Volume']
  [FEATURES] Basic features added: 30 columns
  [FEATURES] Adding advanced indicators for QQQ...
  [Features] Adding advanced indicators...
    ✓ Bollinger Bands
    ✓ ADX
    ✓ RSI & Divergence
    ✓ MACD
    ✓ Volume Features
    ✓ Volatility Features
    ✓ Momentum Features
    ✓ Trend Features
  [Features] Total features: 74
  [FEATURES] Advanced features added successfully
  [FEATURES] Total features: 74
  [FEATURES] Final dataset: 126 rows × 74 columns
  例外: train_ticker() takes 1 positional argument but 2 w

======================================================================
宗叡最終版 訓練結果
======================================================================
ticker status                                              error
  NVDA  ERROR train_ticker() takes 1 positional argument but 2 w
  AAPL  ERROR train_ticker() takes 1 positional argument but 2 w
  MSFT  ERROR train_ticker() takes 1 positional argument but 2 w
 GOOGL  ERROR train_ticker() takes 1 positional argument but 2 w
  AMZN  ERROR train_ticker() takes 1 positional argument but 2 w
  META  ERROR train_ticker() takes 1 positional argument but 2 w
  TSLA  ERROR train_ticker() takes 1 positional argument but 2 w
   AMD  ERROR train_ticker() takes 1 positional argument but 2 w
  NFLX  ERROR train_ticker() takes 1 positional argument but 2 w
   QQQ  ERROR train_ticker() takes 1 positional argument but 2 w

結果保存完了 → retraining_results.csv / json
次は本物の性能が見える。
